10-function-wildcard.d/a
10-function-wildcard.d/a b
10-function-wildcard.d/abc
